// Jest Snapshot v1, https://goo.gl/fbAQLP

exports[`InfoCard component should render card type money 1`] = `"<article open=\\"\\" class=\\"default default shadow\\"><div class=\\"content medium\\"><span class=\\"info\\"><span class=\\"symbol\\">R$</span>20,00</span><span class=\\"tagline\\"></span></div></article>"`;

exports[`InfoCard component should render card with tagline 1`] = `"<article open=\\"\\" class=\\"default default shadow\\"><div class=\\"content medium\\"><span class=\\"info\\"></span><span class=\\"tagline\\"><span>fevereiro</span></span></div></article>"`;

exports[`InfoCard component when error card should render correct 1`] = `"<article open=\\"\\" class=\\"default default shadow\\"><div class=\\"content medium\\"><div class=\\"wrap error\\"><p class=\\"title\\">mensagem de erro</p><button type=\\"button\\" class=\\"btn primary medium\\">bot√£o do erro</button></div></div></article>"`;
