// Jest Snapshot v1, https://goo.gl/fbAQLP

exports[`TooltipSticky component #render should render child content 1`] = `
ShallowWrapper {
  "length": 1,
}
`;
