// Jest Snapshot v1, https://goo.gl/fbAQLP

exports[`Button component render correctly 1`] = `"<Svg width={150} height={50} src=\\"mock\\" align=\\"middle\\" />"`;
