// Jest Snapshot v1, https://goo.gl/fbAQLP

exports[`Error component render correctly with default values 1`] = `
"<div className=\\"wrap\\">
  <p className=\\"title\\">
    Ops, algo deu errado :(
  </p>
</div>"
`;
