// Jest Snapshot v1, https://goo.gl/fbAQLP

exports[`Loader component #render render correctly 1`] = `"<div class=\\"wrap isFull isBlack\\"><span style=\\"width:18;height:18\\" class=\\"spinner secondary\\"></span></div>"`;
