// Jest Snapshot v1, https://goo.gl/fbAQLP

exports[`Accordion component should render with children 1`] = `"<ul class=\\"accordion default\\" theme=\\"default\\"><li>teste com filho</li></ul>"`;

exports[`Accordion component should render with different html element 1`] = `"<div class=\\"accordion default\\" theme=\\"default\\">oi</div>"`;

exports[`Accordion component should render without children 1`] = `"<ul class=\\"accordion default\\" theme=\\"default\\"><li><div class=\\"title\\"><i style=\\"vertical-align:middle;font-size:16px\\" class=\\"material-icons icon iconLeft\\" align=\\"middle\\">insert_chart</i>Dashboard<i style=\\"vertical-align:middle;font-size:18px\\" class=\\"material-icons icon iconRight\\" align=\\"middle\\">keyboard_arrow_down</i></div><div class=\\"content\\">primeiro conteudo</div></li><li><div class=\\"title\\"><i style=\\"vertical-align:middle;font-size:16px\\" class=\\"material-icons icon iconLeft\\" align=\\"middle\\">dashboard</i>Charts<i style=\\"vertical-align:middle;font-size:18px\\" class=\\"material-icons icon iconRight\\" align=\\"middle\\">keyboard_arrow_down</i></div><div class=\\"content\\">segundo conteudo</div></li></ul>"`;
