// Jest Snapshot v1, https://goo.gl/fbAQLP

exports[`Beacon component #render render correctly 1`] = `"<span className=\\"minhaClasse beacon\\" />"`;
