// Jest Snapshot v1, https://goo.gl/fbAQLP

exports[`TooltipStycker component #render should render child content 1`] = `
<span>
  <span
    className="wrapper"
    key=".0"
    onMouseOut={[Function]}
    onMouseOver={[Function]}
  />
</span>
`;
