// Jest Snapshot v1, https://goo.gl/fbAQLP

exports[`Tag component should render with default props 1`] = `
"<div className=\\"tag primary\\" message=\\"hello\\">
  <Icon className=\\"icon\\" name=\\"cancel\\" size={18} onClick={[undefined]} align=\\"middle\\" />
</div>"
`;
