// Jest Snapshot v1, https://goo.gl/fbAQLP

exports[`ToggleButton component render correctly with default values 1`] = `
"<div className=\\"toggleBool\\">
  <span onClick={[Function: onClick]} className=\\"toggleBoolLeft\\">
    Sim
  </span>
  <span onClick={[Function: onClick]} className=\\"toggleBoolRight active\\">
    NÃ£o
  </span>
</div>"
`;
